\BOOKMARK [0][-]{chapter*.2}{\376\377\000P\000r\000o\000l\000o\000g\000u\000e\000:\000\040\000T\000h\000e\000\040\000F\000i\000r\000s\000t\000\040\000C\000o\000p\000y}{}% 1
\BOOKMARK [0][-]{chapter.1}{\376\377\000T\000h\000e\000\040\000C\000o\000w\000\040\000C\000a\000m\000e\000\040\000F\000i\000r\000s\000t}{}% 2
\BOOKMARK [0][-]{chapter.2}{\376\377\000T\000h\000e\000\040\000K\000i\000n\000d\000\040\000O\000n\000e}{}% 3
\BOOKMARK [0][-]{chapter.3}{\376\377\000O\000h\000\040\000H\000o}{}% 4
\BOOKMARK [0][-]{chapter.4}{\376\377\000T\000h\000e\000\040\000S\000h\000a\000p\000e\000\040\000o\000f\000\040\000T\000r\000u\000t\000h}{}% 5
\BOOKMARK [0][-]{chapter.5}{\376\377\000T\000h\000e\000\040\000C\000r\000o\000w\000n}{}% 6
\BOOKMARK [0][-]{chapter.6}{\376\377\000T\000h\000e\000\040\000T\000h\000i\000n\000g\000\040\000T\000h\000a\000t\000\040\000A\000n\000s\000w\000e\000r\000s}{}% 7
\BOOKMARK [0][-]{chapter.7}{\376\377\000T\000h\000e\000\040\000G\000r\000e\000a\000t\000\040\000C}{}% 8
\BOOKMARK [0][-]{chapter.8}{\376\377\000T\000h\000e\000\040\000L\000a\000s\000t\000\040\000A\000p\000p\000l\000e\000\040\000T\000r\000e\000e}{}% 9
\BOOKMARK [0][-]{chapter.9}{\376\377\000C\000l\000e\000a\000r\000n\000e\000s\000s}{}% 10
\BOOKMARK [0][-]{chapter.10}{\376\377\000P\000r\000a\000y}{}% 11
\BOOKMARK [0][-]{chapter.11}{\376\377\000T\000h\000e\000\040\000P\000u\000p\000p\000e\000t}{}% 12
\BOOKMARK [0][-]{chapter.12}{\376\377\000R\000e\000l\000a\000t\000i\000v\000i\000t\000y}{}% 13
\BOOKMARK [0][-]{chapter.13}{\376\377\000G\000o\000d\000'\000s\000\040\000M\000o\000u\000n\000t\000a\000i\000n}{}% 14
\BOOKMARK [0][-]{chapter.14}{\376\377\000T\000h\000e\000\040\000V\000o\000w}{}% 15
\BOOKMARK [0][-]{chapter.15}{\376\377\000T\000h\000e\000\040\000R\000e\000p\000a\000i\000r}{}% 16
\BOOKMARK [0][-]{chapter.16}{\376\377\000T\000h\000e\000\040\000B\000r\000o\000k\000e\000n\000\040\000N\000e\000c\000k}{}% 17
\BOOKMARK [0][-]{chapter.17}{\376\377\000T\000h\000e\000\040\000S\000u\000b\000s\000t\000i\000t\000u\000t\000e}{}% 18
\BOOKMARK [0][-]{chapter.18}{\376\377\000T\000h\000e\000\040\000M\000e\000m\000b\000r\000a\000n\000e}{}% 19
\BOOKMARK [0][-]{chapter.19}{\376\377\000T\000h\000e\000\040\000M\000u\000r\000c\000h}{}% 20
\BOOKMARK [0][-]{chapter*.3}{\376\377\000E\000p\000i\000l\000o\000g\000u\000e}{}% 21
\BOOKMARK [1][-]{section*.4}{\376\377\000T\000h\000e\000\040\000M\000e\000m\000b\000r\000a\000n\000e\000\040\000T\000h\000i\000n\000s}{chapter*.3}% 22
\BOOKMARK [1][-]{section*.5}{\376\377\000S\000e\000a\000l\000e\000d\000\040\000A\000r\000t\000i\000f\000a\000c\000t}{chapter*.3}% 23
\BOOKMARK [1][-]{section*.6}{\376\377\000K\000i\000n\000d\000n\000e\000s\000s\000,\000\040\000P\000r\000a\000c\000t\000i\000c\000e\000d\000\040\000Q\000u\000i\000e\000t\000l\000y}{chapter*.3}% 24
\BOOKMARK [1][-]{section*.7}{\376\377\000W\000h\000a\000t\000\040\000W\000a\000l\000k\000s\000\040\000A\000f\000t\000e\000r}{chapter*.3}% 25
\BOOKMARK [0][-]{chapter*.8}{\376\377\000N\000o\000t\000e\000s}{}% 26
